ASxxxx Linker V03.00 + NoICE + sdld,  page 1.
Hexadecimal  [32-Bits]

Area                                    Addr        Size        Decimal Bytes (Attributes)
--------------------------------        ----        ----        ------- ----- ------------
.  .ABS.                            00000000    00000000 =           0. bytes (ABS,CON)

      Value  Global                              Global Defined In Module
      -----  --------------------------------   ------------------------
     00000000  .__.ABS.                           HW_INIT
     00000000  l_DATA                          
     00000000  l_DATA2                         
     00000000  l_SSEG                          
     00000000  l__CODE                         
     00000000  s_DATA1                         
     00000000  s_DATA2                         
     00000000  s_SSEG                          
     00000000  s_SSEG0                         
     00000000  s__CODE                         
     00000001  s_DATA                          
     00000007  l_DATA1                         
     00000080  l_HOME                          
     00000080  l_SSEG0                         
     0000010E  l_CODE                          
     00008000  s_HOME                          
     00008080  s_CODE                          

ASxxxx Linker V03.00 + NoICE + sdld,  page 2.
Hexadecimal  [32-Bits]

Area                                    Addr        Size        Decimal Bytes (Attributes)
--------------------------------        ----        ----        ------- ----- ------------
SSEG0                               00000000    00000080 =         128. bytes (ABS,CON)

      Value  Global                              Global Defined In Module
      -----  --------------------------------   ------------------------
     0000057F  stack_full                         HW_INIT
     000005FF  stack_unf                          HW_INIT

ASxxxx Linker V03.00 + NoICE + sdld,  page 3.
Hexadecimal  [32-Bits]

Area                                    Addr        Size        Decimal Bytes (Attributes)
--------------------------------        ----        ----        ------- ----- ------------
HOME                                00008000    00000080 =         128. bytes (REL,CON)

      Value  Global                              Global Defined In Module
      -----  --------------------------------   ------------------------
ASxxxx Linker V03.00 + NoICE + sdld,  page 4.
Hexadecimal  [32-Bits]

Area                                    Addr        Size        Decimal Bytes (Attributes)
--------------------------------        ----        ----        ------- ----- ------------
DATA1                               00000000    00000007 =           7. bytes (ABS,CON)

      Value  Global                              Global Defined In Module
      -----  --------------------------------   ------------------------
     00000001  ticks                              HW_INIT
     00000003  timer                              HW_INIT
     00000005  flags                              HW_INIT
     00000006  ptr                                HW_INIT

ASxxxx Linker V03.00 + NoICE + sdld,  page 5.
Hexadecimal  [32-Bits]

Area                                    Addr        Size        Decimal Bytes (Attributes)
--------------------------------        ----        ----        ------- ----- ------------
DATA2                               00000000    00000000 =           0. bytes (ABS,CON)

      Value  Global                              Global Defined In Module
      -----  --------------------------------   ------------------------
     00000100  free_ram                           HW_INIT

ASxxxx Linker V03.00 + NoICE + sdld,  page 6.
Hexadecimal  [32-Bits]

Area                                    Addr        Size        Decimal Bytes (Attributes)
--------------------------------        ----        ----        ------- ----- ------------
CODE                                00008080    0000010E =         270. bytes (REL,CON)

      Value  Global                              Global Defined In Module
      -----  --------------------------------   ------------------------
     000080E2  tone                               HW_INIT

ASxxxx Linker V03.00 + NoICE + sdld,  page 7.

Files Linked                              [ module(s) ]

build/doorbell.rel                        [ HW_INIT ]

ASxxxx Linker V03.00 + NoICE + sdld,  page 8.

User Base Address Definitions

HOME = 0x8000
DATA = 0x0001

